AREA .  .ABS.
	RADIX HEX
	BASE 0000
	SIZE 0000
	ATTRIB ABS OVR
	GLOBALS
		l__HEAP	0000
		l__BSEG	0000
		l_.  .ABS.	0000
		l__GSFINAL	0000
		l__ISEG	0000
		s_.  .ABS.	0000
		s__HEADER	0000
		l__XSEG	0000
		.init	0000
		l__OVERLAY	0000
		l__LIT	0000
		s__SFR	0000
		l__GSINITTAIL	0001
		l__BSS	0084
		l__HOME	01AC
		l__HEADER	01EB
		s__CODE	0200
		l__DATA	045A
		l__CODE	09BE
		s__HOME	0BBE
		s__BASE	0D6A
		l__GSINIT	1A02
		l__BASE	1BF0
		s__LIT	295A
		s__GSINIT	295A
		s__GSINITTAIL	435C
		s__GSFINAL	435D
		.OAM	C000
		s__DATA	C0A0
		s__BSS	C4FA
		s__HEAP	C57E
		s__BSEG	C57E
		s__ISEG	C57E
		s__XSEG	C57E
		s__OVERLAY	C57E
		.STACK	E000
		.refresh_OAM	FF80
		l__SFR	10000
AREA _CODE
	RADIX HEX
	BASE 0200
	SIZE 09BE
	ATTRIB REL CON
	GLOBALS
		_performantDelay	0200
		_wouldhitsurface	0214
		_jump	0229
		_main	02BF
		_putchar	044D
		_setchar	0456
		_gotoxy	045F
		_posx	046A
		_posy	047B
		.adv_gcurs	048C
		.circle	04A9
		.horlin	054C
		.verlin	0584
		.circplot	05E0
		.box	065E
		.line	0734
		.xonly	0855
		.yonly	09A4
		.plot	09C5
		.wrbyte	09E2
		.getpix	0A64
		.wrtchr	0A99
		_gotogxy	0AFD
		_wrtchr	0B08
		_getpix	0B1D
		_color	0B29
		_circle	0B38
		_box	0B52
		_line	0B76
		_plot_point	0B8E
		_plot	0BA2
AREA _HEADER
	RADIX HEX
	BASE 0000
	SIZE 01EB
	ATTRIB ABS OVR
	GLOBALS
		_exit	01D2
AREA _HOME
	RADIX HEX
	BASE 0BBE
	SIZE 01AC
	ATTRIB REL CON
	GLOBALS
		.set_mode	0BBE
		.remove_VBL	0BCE
		.remove_LCD	0BD4
		.remove_TIM	0BDA
		.remove_SIO	0BE0
		.remove_JOY	0BE6
		.add_VBL	0BEC
		.add_LCD	0BF2
		.add_TIM	0BF8
		.add_SIO	0BFE
		.add_JOY	0C04
		.remove_int	0C0A
		.add_int	0C2A
		.wait_vbl_done	0C46
		_wait_vbl_done	0C46
		_display_off	0C5D
		.display_off	0C5D
		.serial_IO	0C7E
		_mode	0CAD
		_get_mode	0CB6
		_enable_interrupts	0CBB
		_disable_interrupts	0CBD
		_reset	0CBF
		.reset	0CBF
		_set_interrupts	0CC5
		_remove_VBL	0CD0
		_remove_LCD	0CDB
		_remove_TIM	0CE6
		_remove_SIO	0CF1
		_remove_JOY	0CFC
		_add_VBL	0D07
		_add_LCD	0D12
		_add_TIM	0D1D
		_add_SIO	0D28
		_add_JOY	0D33
		_clock	0D3E
		__printTStates	0D47
		banked_call	0D48
		banked_ret	0D61
AREA _BASE
	RADIX HEX
	BASE 0D6A
	SIZE 1BF0
	ATTRIB REL CON
	GLOBALS
		font_copy_uncompressed	0D6A
		font_copy_compressed	0DA0
		font_load	0DF5
		font_copy_current	0E3D
		font_set	0E85
		.put_char	0E92
		.out_char	0EAB
		.del_char	0EB2
		_font_load	0F0D
		_font_set	0F1B
		_font_init	0F2A
		_cls	0F4C
		.cls	0F4C
		.cr_curs	0F7E
		.adv_curs	0F93
		.tmode	0FEF
		.tmode_out	1018
		_scroll_bkg	1028
		_move_win	103E
		.mv_sprite	1047
		_move_sprite	1056
		_font_spect	1063
		_set_win_tiles	13E5
		_set_win_data	13F9
		_set_bkg_data	13F9
		_set_sprite_data	1446
		_font_load_ibm_fixed	1475
		_font_ibm_fixed	147C
		_font_ibm_fixed_tiles	157E
		.gmode	1D7E
		.vbl	1DE0
		.lcd	1DEB
		.draw_image	1DF8
		.switch_data	1E02
		_switch_data	1E39
		_draw_image	1E54
		.y_table	1E67
		.padup	1F87
		_waitpadup	1F87
		.jpad	1F97
		.wait_pad	1FC4
		_joypad	1FCB
		_waitpad	1FD0
		_font_italic	1FDA
		_font_ibm	2344
		.set_sprite_tile	26C6
		_set_sprite_tile	26D3
		.init_vram	26DE
		.init_wtt	26EC
		.init_btt	26FC
		.init_tt	270A
		_font_min	2710
		.copy_vram	28BA
		_get_data	28C9
		_set_data	28C9
		_set_bkg_tiles	28DC
		.set_xy_wtt	28F0
		.set_xy_btt	2901
		.set_xy_tt	2910
		_set_tiles	2941
AREA _LIT
	RADIX HEX
	BASE 295A
	SIZE 0000
	ATTRIB REL CON
AREA _GSINIT
	RADIX HEX
	BASE 295A
	SIZE 1A02
	ATTRIB REL CON
	GLOBALS
		gsinit	295A
AREA _GSINITTAIL
	RADIX HEX
	BASE 435C
	SIZE 0001
	ATTRIB REL CON
AREA _GSFINAL
	RADIX HEX
	BASE 435D
	SIZE 0000
	ATTRIB REL CON
AREA _DATA
	RADIX HEX
	BASE C0A0
	SIZE 045A
	ATTRIB REL CON
	GLOBALS
		_pittsburghtiles	C0A0
		_pittsburghmap	C200
		_windowmap	C4D0
		_playerLocation	C4D4
		_jumping	C4D6
		_gravity	C4D7
		_currentspeedY	C4D8
		_floorYposition	C4D9
		_StickMan	C4DA
AREA _BSS
	RADIX HEX
	BASE C4FA
	SIZE 0084
	ATTRIB REL CON
	GLOBALS
		__cpu	C4FA
		.mode	C4FB
		__io_out	C4FC
		__io_in	C4FD
		__io_status	C4FE
		.vbl_done	C4FF
		__current_bank	C500
		_sys_time	C501
		.sys_time	C501
		.int_0x40	C503
		.int_0x48	C513
		.int_0x50	C523
		.int_0x58	C533
		.int_0x60	C543
		font_current	C553
		font_first_free_tile	C556
		font_table	C557
		.curx	C569
		.cury	C56A
		.fg_colour	C56B
		.bg_colour	C56C
AREA _HEAP
	RADIX HEX
	BASE C57E
	SIZE 0000
	ATTRIB REL CON
	GLOBALS
		_malloc_heap_start	C57E
AREA _OVERLAY
	RADIX HEX
	BASE C57E
	SIZE 0000
	ATTRIB REL CON
AREA _ISEG
	RADIX HEX
	BASE C57E
	SIZE 0000
	ATTRIB REL CON
AREA _BSEG
	RADIX HEX
	BASE C57E
	SIZE 0000
	ATTRIB REL CON
AREA _XSEG
	RADIX HEX
	BASE C57E
	SIZE 0000
	ATTRIB REL CON
AREA _SFR
	RADIX HEX
	BASE 0000
	SIZE 10000
	ATTRIB ABS OVR
	GLOBALS
		_P1_REG	FF00
		_SB_REG	FF01
		_SC_REG	FF02
		_DIV_REG	FF04
		_TIMA_REG	FF05
		_TMA_REG	FF06
		_TAC_REG	FF07
		_IF_REG	FF0F
		_NR10_REG	FF10
		_NR11_REG	FF11
		_NR12_REG	FF12
		_NR13_REG	FF13
		_NR14_REG	FF14
		_NR21_REG	FF16
		_NR22_REG	FF17
		_NR23_REG	FF18
		_NR24_REG	FF19
		_NR30_REG	FF1A
		_NR31_REG	FF1B
		_NR32_REG	FF1C
		_NR33_REG	FF1D
		_NR34_REG	FF1E
		_NR41_REG	FF20
		_NR42_REG	FF21
		_NR43_REG	FF22
		_NR44_REG	FF23
		_NR50_REG	FF24
		_NR51_REG	FF25
		_NR52_REG	FF26
		_LCDC_REG	FF40
		_STAT_REG	FF41
		_SCY_REG	FF42
		_SCX_REG	FF43
		_LY_REG	FF44
		_LYC_REG	FF45
		_DMA_REG	FF46
		_BGP_REG	FF47
		_OBP0_REG	FF48
		_OBP1_REG	FF49
		_WY_REG	FF4A
		_WX_REG	FF4B
		_KEY1_REG	FF4D
		_VBK_REG	FF4F
		_HDMA1_REG	FF51
		_HDMA2_REG	FF52
		_HDMA3_REG	FF53
		_HDMA4_REG	FF54
		_HDMA5_REG	FF55
		_RP_REG	FF56
		_BCPS_REG	FF68
		_BCPD_REG	FF69
		_OCPS_REG	FF6A
		_OCPD_REG	FF6B
		_SVBK_REG	FF70
		_IE_REG	FFFF
MODULES
	FILE c:\gbdk\lib/small/asxxxx/gb/crt0.o
		NAME Runtime
	FILE main.o
		NAME lcc135920
LIBRARIES
	LIBRARY c:\gbdk\lib/small/asxxxx/gb/gb.lib
		MODULE sfr.o
	LIBRARY c:\gbdk\lib/small/asxxxx/gb/gb.lib
		MODULE font.o
	LIBRARY c:\gbdk\lib/small/asxxxx/gb/gb.lib
		MODULE scroll_b.o
	LIBRARY c:\gbdk\lib/small/asxxxx/gb/gb.lib
		MODULE mv_win.o
	LIBRARY c:\gbdk\lib/small/asxxxx/gb/gb.lib
		MODULE mv_spr.o
	LIBRARY c:\gbdk\lib/small/asxxxx/gb/gb.lib
		MODULE f_spect.o
	LIBRARY c:\gbdk\lib/small/asxxxx/gb/gb.lib
		MODULE set_wi_t.o
	LIBRARY c:\gbdk\lib/small/asxxxx/gb/gb.lib
		MODULE set_data.o
	LIBRARY c:\gbdk\lib/small/asxxxx/gb/gb.lib
		MODULE ibmfixed.o
	LIBRARY c:\gbdk\lib/small/asxxxx/gb/gb.lib
		MODULE drawing.o
	LIBRARY c:\gbdk\lib/small/asxxxx/gb/gb.lib
		MODULE pad.o
	LIBRARY c:\gbdk\lib/small/asxxxx/gb/gb.lib
		MODULE f_italic.o
	LIBRARY c:\gbdk\lib/small/asxxxx/gb/gb.lib
		MODULE f_ibm_sh.o
	LIBRARY c:\gbdk\lib/small/asxxxx/gb/gb.lib
		MODULE set_spr.o
	LIBRARY c:\gbdk\lib/small/asxxxx/gb/gb.lib
		MODULE init_tt.o
	LIBRARY c:\gbdk\lib/small/asxxxx/gb/gb.lib
		MODULE f_min.o
	LIBRARY c:\gbdk\lib/small/asxxxx/gb/gb.lib
		MODULE cpy_data.o
	LIBRARY c:\gbdk\lib/small/asxxxx/gb/gb.lib
		MODULE set_bk_t.o
	LIBRARY c:\gbdk\lib/small/asxxxx/gb/gb.lib
		MODULE set_xy_t.o
USERBASEDEF
	_CODE=0x0200
	_DATA=0xC0A0
	_CODE_1=0x4000
USERGLOBALDEF
	.OAM=0xC000
	.STACK=0xE000
	.refresh_OAM=0xFF80
	.init=0x0000
